2026-06-21 18:24:59 [WARNING] app.middleware.security: [SECURITY] WHATSAPP_APP_SECRET not set — skipping signature verification.
2026-06-21 18:24:59 [INFO] app.routes.whatsapp: [WA] From: 919000000000 → To: 919360756749 | Text: "hi"
2026-06-21 18:24:59 [INFO] app.services.whatsapp_service: [MOCK WA → 919000000000] Interactive: 👋 *Welcome to STRIKIT!*

Please select your role to continue:
2026-06-21 18:24:59 [INFO] httpx: HTTP Request: POST http://test/webhook/whatsapp "HTTP/1.1 200 OK"
2026-06-21 18:24:59 [WARNING] app.middleware.security: [SECURITY] WHATSAPP_APP_SECRET not set — skipping signature verification.
2026-06-21 18:24:59 [INFO] app.routes.whatsapp: [WA] From: 919000000000 → To: 919360756749 | Text: "role_owner"
2026-06-21 18:24:59 [INFO] app.services.whatsapp_service: [MOCK WA → 919000000000] Interactive: Welcome to STRIKIT Onboarding! Let's get your turf set up.

Please enter the *Owner Name*:
2026-06-21 18:24:59 [INFO] httpx: HTTP Request: POST http://test/webhook/whatsapp "HTTP/1.1 200 OK"
2026-06-21 18:24:59 [WARNING] app.middleware.security: [SECURITY] WHATSAPP_APP_SECRET not set — skipping signature verification.
2026-06-21 18:24:59 [INFO] app.routes.whatsapp: [WA] From: 919000000000 → To: 919360756749 | Text: "Gowtham P"
2026-06-21 18:24:59 [INFO] app.services.whatsapp_service: [MOCK WA → 919000000000] Interactive: Thank you, Gowtham P. Now, please enter your *Turf Name*:
2026-06-21 18:24:59 [INFO] httpx: HTTP Request: POST http://test/webhook/whatsapp "HTTP/1.1 200 OK"
2026-06-21 18:24:59 [WARNING] app.middleware.security: [SECURITY] WHATSAPP_APP_SECRET not set — skipping signature verification.
2026-06-21 18:24:59 [INFO] app.routes.whatsapp: [WA] From: 919000000000 → To: 919360756749 | Text: "Strikers Turf"
2026-06-21 18:24:59 [INFO] app.services.whatsapp_service: [MOCK WA → 919000000000] Interactive: Got it: "Strikers Turf". Please enter the *Location* as a Google Maps link:
2026-06-21 18:24:59 [INFO] httpx: HTTP Request: POST http://test/webhook/whatsapp "HTTP/1.1 200 OK"
2026-06-21 18:24:59 [WARNING] app.middleware.security: [SECURITY] WHATSAPP_APP_SECRET not set — skipping signature verification.
2026-06-21 18:24:59 [INFO] app.routes.whatsapp: [WA] From: 919000000000 → To: 919360756749 | Text: "https://maps.google.com/?q=12.9715987,77.5945627"
2026-06-21 18:24:59 [INFO] app.services.whatsapp_service: [MOCK WA → 919000000000] Interactive: Please upload your *turf photos* (send as images). Click Done when finished:
2026-06-21 18:24:59 [INFO] httpx: HTTP Request: POST http://test/webhook/whatsapp "HTTP/1.1 200 OK"
2026-06-21 18:24:59 [WARNING] app.middleware.security: [SECURITY] WHATSAPP_APP_SECRET not set — skipping signature verification.
2026-06-21 18:24:59 [INFO] app.routes.whatsapp: [WA] From: 919000000000 → To: 919360756749 | Text: "turf_pic.jpg"
2026-06-21 18:24:59 [INFO] app.services.whatsapp_service: [MOCK WA → 919000000000] Interactive: 📷 Photo 1 received! Send more or click Done.
2026-06-21 18:24:59 [INFO] httpx: HTTP Request: POST http://test/webhook/whatsapp "HTTP/1.1 200 OK"
2026-06-21 18:24:59 [WARNING] app.middleware.security: [SECURITY] WHATSAPP_APP_SECRET not set — skipping signature verification.
2026-06-21 18:24:59 [INFO] app.routes.whatsapp: [WA] From: 919000000000 → To: 919360756749 | Text: "DONE"
2026-06-21 18:24:59 [INFO] app.services.whatsapp_service: [MOCK WA → 919000000000] Interactive: Enter your *GST Number*:
2026-06-21 18:24:59 [INFO] httpx: HTTP Request: POST http://test/webhook/whatsapp "HTTP/1.1 200 OK"
2026-06-21 18:24:59 [WARNING] app.middleware.security: [SECURITY] WHATSAPP_APP_SECRET not set — skipping signature verification.
2026-06-21 18:24:59 [INFO] app.routes.whatsapp: [WA] From: 919000000000 → To: 919360756749 | Text: "33AAAAA1111A1Z1"
2026-06-21 18:24:59 [INFO] app.services.whatsapp_service: [MOCK WA → 919000000000] Interactive: Please upload your *MSME Certificate* as a photo or PDF document:
2026-06-21 18:24:59 [INFO] httpx: HTTP Request: POST http://test/webhook/whatsapp "HTTP/1.1 200 OK"
2026-06-21 18:24:59 [WARNING] app.middleware.security: [SECURITY] WHATSAPP_APP_SECRET not set — skipping signature verification.
2026-06-21 18:24:59 [INFO] app.routes.whatsapp: [WA] From: 919000000000 → To: 919360756749 | Text: "SKIP"
2026-06-21 18:24:59 [INFO] app.services.whatsapp_service: [MOCK WA → 919000000000] Interactive: Please upload your *Utility Bill* (e.g. EB, water, postpaid, fiber bill) as a photo or PDF:
2026-06-21 18:24:59 [INFO] httpx: HTTP Request: POST http://test/webhook/whatsapp "HTTP/1.1 200 OK"
2026-06-21 18:24:59 [WARNING] app.middleware.security: [SECURITY] WHATSAPP_APP_SECRET not set — skipping signature verification.
2026-06-21 18:24:59 [INFO] app.routes.whatsapp: [WA] From: 919111111111 → To: 919360756749 | Text: "hi"
2026-06-21 18:24:59 [INFO] app.services.whatsapp_service: [MOCK WA → 919111111111] Interactive: 👋 *Welcome to STRIKIT!*

Please select your role to continue:
2026-06-21 18:24:59 [INFO] httpx: HTTP Request: POST http://test/webhook/whatsapp "HTTP/1.1 200 OK"
2026-06-21 18:24:59 [WARNING] app.middleware.security: [SECURITY] WHATSAPP_APP_SECRET not set — skipping signature verification.
2026-06-21 18:24:59 [INFO] app.routes.whatsapp: [WA] From: 919111111111 → To: 919360756749 | Text: "role_owner"
2026-06-21 18:24:59 [INFO] app.services.whatsapp_service: [MOCK WA → 919111111111] Interactive: Welcome to STRIKIT Onboarding! Let's get your turf set up.

Please enter the *Owner Name*:
2026-06-21 18:24:59 [INFO] httpx: HTTP Request: POST http://test/webhook/whatsapp "HTTP/1.1 200 OK"
2026-06-21 18:24:59 [WARNING] app.middleware.security: [SECURITY] WHATSAPP_APP_SECRET not set — skipping signature verification.
2026-06-21 18:24:59 [INFO] app.routes.whatsapp: [WA] From: 919111111111 → To: 919360756749 | Text: "cancel_onboarding"
2026-06-21 18:24:59 [INFO] app.services.whatsapp_service: [MOCK WA → 919111111111] Interactive: 👋 *Welcome to STRIKIT!*

Please select your role to continue:
2026-06-21 18:24:59 [INFO] httpx: HTTP Request: POST http://test/webhook/whatsapp "HTTP/1.1 200 OK"
2026-06-21 18:24:59 [INFO] httpx: HTTP Request: GET http://test/api/admin/stats "HTTP/1.1 200 OK"
2026-06-21 18:24:59 [INFO] httpx: HTTP Request: GET http://test/api/admin/owners "HTTP/1.1 200 OK"
2026-06-21 18:24:59 [INFO] httpx: HTTP Request: GET http://test/api/admin/payouts "HTTP/1.1 200 OK"
2026-06-21 18:25:47 [WARNING] app.middleware.security: [SECURITY] WHATSAPP_APP_SECRET not set — skipping signature verification.
2026-06-21 18:25:47 [INFO] app.routes.whatsapp: [WA] From: 919000000000 → To: 919360756749 | Text: "hi"
2026-06-21 18:25:47 [INFO] app.services.whatsapp_service: [MOCK WA → 919000000000] Interactive: 👋 *Welcome to STRIKIT!*

Please select your role to continue:
2026-06-21 18:25:47 [INFO] httpx: HTTP Request: POST http://test/webhook/whatsapp "HTTP/1.1 200 OK"
2026-06-21 18:25:47 [WARNING] app.middleware.security: [SECURITY] WHATSAPP_APP_SECRET not set — skipping signature verification.
2026-06-21 18:25:47 [INFO] app.routes.whatsapp: [WA] From: 919000000000 → To: 919360756749 | Text: "role_owner"
2026-06-21 18:25:47 [INFO] app.services.whatsapp_service: [MOCK WA → 919000000000] Interactive: Welcome to STRIKIT Onboarding! Let's get your turf set up.

Please enter the *Owner Name*:
2026-06-21 18:25:47 [INFO] httpx: HTTP Request: POST http://test/webhook/whatsapp "HTTP/1.1 200 OK"
2026-06-21 18:25:47 [WARNING] app.middleware.security: [SECURITY] WHATSAPP_APP_SECRET not set — skipping signature verification.
2026-06-21 18:25:47 [INFO] app.routes.whatsapp: [WA] From: 919000000000 → To: 919360756749 | Text: "Gowtham P"
2026-06-21 18:25:47 [INFO] app.services.whatsapp_service: [MOCK WA → 919000000000] Interactive: Thank you, Gowtham P. Now, please enter your *Turf Name*:
2026-06-21 18:25:47 [INFO] httpx: HTTP Request: POST http://test/webhook/whatsapp "HTTP/1.1 200 OK"
2026-06-21 18:25:47 [WARNING] app.middleware.security: [SECURITY] WHATSAPP_APP_SECRET not set — skipping signature verification.
2026-06-21 18:25:47 [INFO] app.routes.whatsapp: [WA] From: 919000000000 → To: 919360756749 | Text: "Strikers Turf"
2026-06-21 18:25:47 [INFO] app.services.whatsapp_service: [MOCK WA → 919000000000] Interactive: Got it: "Strikers Turf". Please enter the *Location* as a Google Maps link:
2026-06-21 18:25:47 [INFO] httpx: HTTP Request: POST http://test/webhook/whatsapp "HTTP/1.1 200 OK"
2026-06-21 18:25:47 [WARNING] app.middleware.security: [SECURITY] WHATSAPP_APP_SECRET not set — skipping signature verification.
2026-06-21 18:25:47 [INFO] app.routes.whatsapp: [WA] From: 919000000000 → To: 919360756749 | Text: "https://maps.google.com/?q=12.9715987,77.5945627"
2026-06-21 18:25:47 [INFO] app.services.whatsapp_service: [MOCK WA → 919000000000] Interactive: Please upload your *turf photos* (send as images). Click Done when finished:
2026-06-21 18:25:47 [INFO] httpx: HTTP Request: POST http://test/webhook/whatsapp "HTTP/1.1 200 OK"
2026-06-21 18:25:47 [WARNING] app.middleware.security: [SECURITY] WHATSAPP_APP_SECRET not set — skipping signature verification.
2026-06-21 18:25:47 [INFO] app.routes.whatsapp: [WA] From: 919000000000 → To: 919360756749 | Text: "turf_pic.jpg"
2026-06-21 18:25:47 [INFO] app.services.whatsapp_service: [MOCK WA → 919000000000] Interactive: 📷 Photo 1 received! Send more or click Done.
2026-06-21 18:25:47 [INFO] httpx: HTTP Request: POST http://test/webhook/whatsapp "HTTP/1.1 200 OK"
2026-06-21 18:25:47 [WARNING] app.middleware.security: [SECURITY] WHATSAPP_APP_SECRET not set — skipping signature verification.
2026-06-21 18:25:47 [INFO] app.routes.whatsapp: [WA] From: 919000000000 → To: 919360756749 | Text: "DONE"
2026-06-21 18:25:47 [INFO] app.services.whatsapp_service: [MOCK WA → 919000000000] Interactive: Enter your *GST Number*:
2026-06-21 18:25:47 [INFO] httpx: HTTP Request: POST http://test/webhook/whatsapp "HTTP/1.1 200 OK"
2026-06-21 18:25:47 [WARNING] app.middleware.security: [SECURITY] WHATSAPP_APP_SECRET not set — skipping signature verification.
2026-06-21 18:25:47 [INFO] app.routes.whatsapp: [WA] From: 919000000000 → To: 919360756749 | Text: "33AAAAA1111A1Z1"
2026-06-21 18:25:47 [INFO] app.services.whatsapp_service: [MOCK WA → 919000000000] Interactive: Please upload your *MSME Certificate* as a photo or PDF document:
2026-06-21 18:25:47 [INFO] httpx: HTTP Request: POST http://test/webhook/whatsapp "HTTP/1.1 200 OK"
2026-06-21 18:25:47 [WARNING] app.middleware.security: [SECURITY] WHATSAPP_APP_SECRET not set — skipping signature verification.
2026-06-21 18:25:47 [INFO] app.routes.whatsapp: [WA] From: 919000000000 → To: 919360756749 | Text: "SKIP"
2026-06-21 18:25:47 [INFO] app.services.whatsapp_service: [MOCK WA → 919000000000] Interactive: Please upload your *Utility Bill* (e.g. EB, water, postpaid, fiber bill) as a photo or PDF:
2026-06-21 18:25:47 [INFO] httpx: HTTP Request: POST http://test/webhook/whatsapp "HTTP/1.1 200 OK"
2026-06-21 18:25:47 [WARNING] app.middleware.security: [SECURITY] WHATSAPP_APP_SECRET not set — skipping signature verification.
2026-06-21 18:25:47 [INFO] app.routes.whatsapp: [WA] From: 919000000000 → To: 919360756749 | Text: "SKIP"
2026-06-21 18:25:47 [INFO] app.services.whatsapp_service: [MOCK WA → 919000000000] Interactive: Enter your *UPI ID* for receiving payouts (e.g. name@upi):
2026-06-21 18:25:47 [INFO] httpx: HTTP Request: POST http://test/webhook/whatsapp "HTTP/1.1 200 OK"
2026-06-21 18:25:47 [WARNING] app.middleware.security: [SECURITY] WHATSAPP_APP_SECRET not set — skipping signature verification.
2026-06-21 18:25:47 [INFO] app.routes.whatsapp: [WA] From: 919000000000 → To: 919360756749 | Text: "gowtham@upi"
2026-06-21 18:25:47 [INFO] app.services.whatsapp_service: [MOCK WA → 919000000000] ✅ *Registration Complete!*

Your details have been submitted for verification:
• Name: Gowtham P
• T
2026-06-21 18:25:47 [INFO] app.services.whatsapp_service: [MOCK WA → 919876543210] 🆕 *New Owner Onboarding Request* 🆕

• *ID:* 1
• *Name:* Gowtham P
• *Phone:* 919000000000
• *Turf:* 
2026-06-21 18:25:47 [INFO] app.services.telegram_service: [MOCK TELEGRAM] 🆕 <b>New Owner Onboarding</b>

<b>Name:</b> Gowtham P
<b>Phone:</b> 919000000000
<b>Turf:</b> Strikers Turf
<b>Location:
2026-06-21 18:25:47 [INFO] httpx: HTTP Request: POST http://test/webhook/whatsapp "HTTP/1.1 200 OK"
2026-06-21 18:25:47 [WARNING] app.middleware.security: [SECURITY] WHATSAPP_APP_SECRET not set — skipping signature verification.
2026-06-21 18:25:47 [INFO] app.routes.whatsapp: [WA] From: 919876543210 → To: 919360756749 | Text: "/approve 1"
2026-06-21 18:25:47 [INFO] app.services.payment_service: [PaymentService] Mock subscription link for owner 1 with plan TRIAL
2026-06-21 18:25:47 [INFO] app.services.whatsapp_service: [MOCK WA → 919000000000] 🎉 *Approved!* Your turf *Strikers Turf* is verified.

Please complete your subscription payment to a
2026-06-21 18:25:47 [INFO] app.services.whatsapp_service: [MOCK WA → 919876543210] ✅ Owner Gowtham P approved.
2026-06-21 18:25:47 [INFO] httpx: HTTP Request: POST http://test/webhook/whatsapp "HTTP/1.1 200 OK"
2026-06-21 18:25:47 [WARNING] app.middleware.security: [SECURITY] RAZORPAY_WEBHOOK_SECRET not set — skipping verification.
2026-06-21 18:25:47 [INFO] app.routes.razorpay: [Razorpay Webhook] Event: payment_link.paid
2026-06-21 18:25:47 [INFO] app.routes.razorpay: [Razorpay Webhook] Type=subscription | PaymentID=pay_sub_123 | AmountPaise=69900 | LinkID=plink_sub_123
2026-06-21 18:25:47 [INFO] app.routes.razorpay: [Razorpay Webhook] Subscription activated (TRIAL) for owner Gowtham P
2026-06-21 18:25:47 [INFO] app.services.whatsapp_service: [MOCK WA → 919000000000] 🎉 *Subscription Activated!* 🎉

Hello Gowtham P, your STRIKIT subscription for *Strikers Turf* is now
2026-06-21 18:25:47 [INFO] app.services.telegram_service: [MOCK TELEGRAM] 🔔 <b>STRIKIT Alert</b>

Subscription activated: Gowtham P (Strikers Turf) - Plan: TRIAL
2026-06-21 18:25:47 [INFO] httpx: HTTP Request: POST http://test/razorpay/webhook "HTTP/1.1 200 OK"
2026-06-21 18:25:47 [WARNING] app.middleware.security: [SECURITY] WHATSAPP_APP_SECRET not set — skipping signature verification.
2026-06-21 18:25:47 [INFO] app.routes.whatsapp: [WA] From: 919999999999 → To: 919360756749 | Text: "hi"
2026-06-21 18:25:47 [INFO] app.services.whatsapp_service: [MOCK WA → 919999999999] Interactive: 👋 *Welcome to STRIKIT!*

Please select your role to continue:
2026-06-21 18:25:47 [INFO] httpx: HTTP Request: POST http://test/webhook/whatsapp "HTTP/1.1 200 OK"
2026-06-21 18:25:47 [WARNING] app.middleware.security: [SECURITY] WHATSAPP_APP_SECRET not set — skipping signature verification.
2026-06-21 18:25:47 [INFO] app.routes.whatsapp: [WA] From: 919999999999 → To: 919360756749 | Text: "role_player"
2026-06-21 18:25:47 [INFO] app.services.whatsapp_service: [MOCK WA → 919999999999] Interactive: 👋 *Welcome to STRIKIT!*

To help you find the best turfs nearby, please share your current location 
2026-06-21 18:25:47 [INFO] httpx: HTTP Request: POST http://test/webhook/whatsapp "HTTP/1.1 200 OK"
2026-06-21 18:25:47 [WARNING] app.middleware.security: [SECURITY] WHATSAPP_APP_SECRET not set — skipping signature verification.
2026-06-21 18:25:47 [INFO] app.routes.whatsapp: [WA] From: 919999999999 → To: 919360756749 | Text: "location:12.9715987,77.5945627"
2026-06-21 18:25:47 [INFO] app.services.whatsapp_service: [MOCK WA → 919999999999] Interactive: 🏟️ *Nearby Turfs Found (within 10km):*

Select a turf below to book:
2026-06-21 18:25:47 [INFO] app.services.whatsapp_service: [MOCK WA → 919999999999] Interactive: Or choose an option:
2026-06-21 18:25:47 [INFO] httpx: HTTP Request: POST http://test/webhook/whatsapp "HTTP/1.1 200 OK"
2026-06-21 18:25:47 [WARNING] app.middleware.security: [SECURITY] WHATSAPP_APP_SECRET not set — skipping signature verification.
2026-06-21 18:25:47 [INFO] app.routes.whatsapp: [WA] From: 919999999999 → To: 919360756749 | Text: "select_turf_1"
2026-06-21 18:25:47 [INFO] app.services.whatsapp_service: [MOCK WA → 919999999999] Interactive: 📅 *Strikers Turf*

Select a date for your booking:
2026-06-21 18:25:47 [INFO] httpx: HTTP Request: POST http://test/webhook/whatsapp "HTTP/1.1 200 OK"
2026-06-21 18:25:47 [WARNING] app.middleware.security: [SECURITY] WHATSAPP_APP_SECRET not set — skipping signature verification.
2026-06-21 18:25:47 [INFO] app.routes.whatsapp: [WA] From: 919999999999 → To: 919360756749 | Text: "date_2026-06-15"
2026-06-21 18:25:47 [INFO] app.services.whatsapp_service: [MOCK WA → 919999999999] Interactive: ⏰ Available slots for *2026-06-15* at *Strikers Turf*:
2026-06-21 18:25:47 [INFO] httpx: HTTP Request: POST http://test/webhook/whatsapp "HTTP/1.1 200 OK"
2026-06-21 18:25:47 [WARNING] app.middleware.security: [SECURITY] WHATSAPP_APP_SECRET not set — skipping signature verification.
2026-06-21 18:25:47 [INFO] app.routes.whatsapp: [WA] From: 919999999999 → To: 919360756749 | Text: "07:00 PM"
2026-06-21 18:25:47 [INFO] app.services.whatsapp_service: [MOCK WA → 919999999999] Please enter your *Name and Team Name*
(Format: Name - TeamName, e.g. John - HawksFC):
2026-06-21 18:25:47 [INFO] httpx: HTTP Request: POST http://test/webhook/whatsapp "HTTP/1.1 200 OK"
2026-06-21 18:25:47 [WARNING] app.middleware.security: [SECURITY] WHATSAPP_APP_SECRET not set — skipping signature verification.
2026-06-21 18:25:47 [INFO] app.routes.whatsapp: [WA] From: 919999999999 → To: 919360756749 | Text: "John - HawksFC"
2026-06-21 18:25:47 [INFO] app.services.whatsapp_service: [MOCK WA → 919999999999] Please enter the *Sport/Event* you are playing (e.g. Cricket, Football):
2026-06-21 18:25:47 [INFO] httpx: HTTP Request: POST http://test/webhook/whatsapp "HTTP/1.1 200 OK"
2026-06-21 18:25:47 [WARNING] app.middleware.security: [SECURITY] WHATSAPP_APP_SECRET not set — skipping signature verification.
2026-06-21 18:25:47 [INFO] app.routes.whatsapp: [WA] From: 919999999999 → To: 919360756749 | Text: "Football"
2026-06-21 18:25:47 [INFO] app.services.payment_service: [PaymentService] Mock booking link for slot 07:00 PM on 2026-06-15
2026-06-21 18:25:47 [INFO] app.services.whatsapp_service: [MOCK WA → 919999999999] 📋 *Booking Summary - Strikers Turf* 📋

Hello John, here is your booking summary:

• Turf: *Strikers 
2026-06-21 18:25:47 [INFO] httpx: HTTP Request: POST http://test/webhook/whatsapp "HTTP/1.1 200 OK"
2026-06-21 18:25:47 [WARNING] app.middleware.security: [SECURITY] RAZORPAY_WEBHOOK_SECRET not set — skipping verification.
2026-06-21 18:25:47 [INFO] app.routes.razorpay: [Razorpay Webhook] Event: payment_link.paid
2026-06-21 18:25:47 [INFO] app.routes.razorpay: [Razorpay Webhook] Type=booking | PaymentID=pay_book_123 | AmountPaise=105000 | LinkID=plink_book_123
2026-06-21 18:25:47 [INFO] app.routes.razorpay: [Razorpay Webhook] ✅ Booking #1 confirmed. Ledger key: booking_1_pay_book_123_1
2026-06-21 18:25:47 [INFO] app.services.payout_service: [Payout] Initiating ₹1000.00 payout to owner Gowtham P (UPI: gowtham@upi)
2026-06-21 18:25:47 [INFO] app.services.payout_service: [Payout] MOCK payout of ₹1000.00 to UPI: gowtham@upi
2026-06-21 18:25:47 [INFO] app.services.whatsapp_service: [MOCK WA → 919999999999] ✅ *Booking Confirmed!* ✅

Hello John, your turf booking is confirmed!

• Turf: *Strikers Turf*
• Dat
2026-06-21 18:25:47 [INFO] app.services.whatsapp_service: [MOCK WA → 919000000000] 📅 *New Booking Alert for Strikers Turf!* 📅

Hello Gowtham P, a new booking has been confirmed at you
2026-06-21 18:25:47 [INFO] app.services.telegram_service: [MOCK TELEGRAM] 🔔 <b>STRIKIT Alert</b>

New Booking at Strikers Turf:
Captain: John (919999999999)
Team: HawksFC
Date: 2026-06-15 @ 07:0
2026-06-21 18:25:47 [INFO] httpx: HTTP Request: POST http://test/razorpay/webhook "HTTP/1.1 200 OK"
2026-06-21 18:25:47 [WARNING] app.middleware.security: [SECURITY] RAZORPAY_WEBHOOK_SECRET not set — skipping verification.
2026-06-21 18:25:47 [INFO] app.routes.razorpay: [Razorpay Webhook] Event: payment_link.paid
2026-06-21 18:25:47 [INFO] app.routes.razorpay: [Razorpay Webhook] Type=booking | PaymentID=pay_book_123 | AmountPaise=105000 | LinkID=plink_book_123
2026-06-21 18:25:47 [INFO] app.routes.razorpay: [Razorpay Webhook] DUPLICATE: Payment pay_book_123 already verified
2026-06-21 18:25:47 [INFO] app.services.telegram_service: [MOCK TELEGRAM] 🟡 <b>DUPLICATE PAYOUT BLOCKED</b>

<b>Booking ID:</b> 1
<b>Idempotency Key:</b> booking_1_pay_book_123_1

ℹ️ Existing pa
2026-06-21 18:25:47 [INFO] httpx: HTTP Request: POST http://test/razorpay/webhook "HTTP/1.1 200 OK"
2026-06-21 18:25:47 [WARNING] app.middleware.security: [SECURITY] RAZORPAY_WEBHOOK_SECRET not set — skipping verification.
2026-06-21 18:25:47 [INFO] app.routes.razorpay: [Razorpay Webhook] Event: payment_link.paid
2026-06-21 18:25:47 [INFO] app.routes.razorpay: [Razorpay Webhook] Type=booking | PaymentID=pay_book_456 | AmountPaise=1050000 | LinkID=plink_book_456
2026-06-21 18:25:47 [ERROR] app.routes.razorpay: [Razorpay Webhook] AMOUNT MISMATCH! Expected=105000, Received=1050000
2026-06-21 18:25:47 [INFO] app.services.telegram_service: [MOCK TELEGRAM] 🟠 <b>AMOUNT MISMATCH</b>

<b>Booking ID:</b> 0
<b>Expected:</b> ₹1050.00 (105000 paise)
<b>Received:</b> ₹10500.00 (1050
2026-06-21 18:25:47 [INFO] httpx: HTTP Request: POST http://test/razorpay/webhook "HTTP/1.1 200 OK"
2026-06-21 18:25:47 [WARNING] app.middleware.security: [SECURITY] WHATSAPP_APP_SECRET not set — skipping signature verification.
2026-06-21 18:25:47 [INFO] app.routes.whatsapp: [WA] From: 919111111111 → To: 919360756749 | Text: "hi"
2026-06-21 18:25:47 [INFO] app.services.whatsapp_service: [MOCK WA → 919111111111] Interactive: 👋 *Welcome to STRIKIT!*

Please select your role to continue:
2026-06-21 18:25:47 [INFO] httpx: HTTP Request: POST http://test/webhook/whatsapp "HTTP/1.1 200 OK"
2026-06-21 18:25:47 [WARNING] app.middleware.security: [SECURITY] WHATSAPP_APP_SECRET not set — skipping signature verification.
2026-06-21 18:25:47 [INFO] app.routes.whatsapp: [WA] From: 919111111111 → To: 919360756749 | Text: "role_owner"
2026-06-21 18:25:47 [INFO] app.services.whatsapp_service: [MOCK WA → 919111111111] Interactive: Welcome to STRIKIT Onboarding! Let's get your turf set up.

Please enter the *Owner Name*:
2026-06-21 18:25:47 [INFO] httpx: HTTP Request: POST http://test/webhook/whatsapp "HTTP/1.1 200 OK"
2026-06-21 18:25:47 [WARNING] app.middleware.security: [SECURITY] WHATSAPP_APP_SECRET not set — skipping signature verification.
2026-06-21 18:25:47 [INFO] app.routes.whatsapp: [WA] From: 919111111111 → To: 919360756749 | Text: "cancel_onboarding"
2026-06-21 18:25:47 [INFO] app.services.whatsapp_service: [MOCK WA → 919111111111] Interactive: 👋 *Welcome to STRIKIT!*

Please select your role to continue:
2026-06-21 18:25:47 [INFO] httpx: HTTP Request: POST http://test/webhook/whatsapp "HTTP/1.1 200 OK"
2026-06-21 18:25:47 [INFO] httpx: HTTP Request: GET http://test/api/admin/stats "HTTP/1.1 200 OK"
2026-06-21 18:25:47 [INFO] httpx: HTTP Request: GET http://test/api/admin/owners "HTTP/1.1 200 OK"
